<html>
<body>
<pre>
<h1>µVision Build Log</h1>
<h2>Tool Versions:</h2>
IDE-Version: ¦ÌVision V5.39.0.0
Copyright (C) 2023 ARM Ltd and ARM Germany GmbH. All rights reserved.
License Information: lie will, no, LIC=585FJ-U2NBM-63BMB-23DAB-4DUAF-PGKIP
 
Tool Versions:
Toolchain:       MDK-ARM Plus  Version: 5.39.0.0
Toolchain Path:  D:\application\keil\ARM\ARMCC\Bin
C Compiler:      Armcc.exe V5.06 update 6 (build 750)
Assembler:       Armasm.exe V5.06 update 6 (build 750)
Linker/Locator:  ArmLink.exe V5.06 update 6 (build 750)
Library Manager: ArmAr.exe V5.06 update 6 (build 750)
Hex Converter:   FromElf.exe V5.06 update 6 (build 750)
CPU DLL:         SARMCM3.DLL V5.39.0.0
Dialog DLL:      DCM.DLL V1.17.5.0
Target DLL:      Segger\JL2CM3.dll V2.99.43.0
Dialog DLL:      TCM.DLL V1.56.4.0
 
<h2>Project:</h2>
D:\code\mcu\stm32\F407\two\MDK-ARM\two.uvprojx
Project File Date:  12/17/2025

<h2>Output:</h2>
*** Using Compiler 'V5.06 update 6 (build 750)', folder: 'D:\application\keil\ARM\ARMCC\Bin'
Build target 'two'
compiling main.c...
../Core/Src/main.c(153): warning:  #188-D: enumerated type mixed with another type
  	  MQTT_State_t ret = MQTT_Init();
../Core/Src/main.c(175): warning:  #188-D: enumerated type mixed with another type
      ret = MQTT_SetUserConfig(&userConfig);
../Core/Src/main.c(184): warning:  #188-D: enumerated type mixed with another type
      ret = MQTT_SetBroker(MQTT_EXAMPLE_BROKER, MQTT_EXAMPLE_PORT, 1);
../Core/Src/main.c(192): warning:  #188-D: enumerated type mixed with another type
      ret = MQTT_Connect();
../Core/Src/main.c: 4 warnings, 0 errors
linking...
Program Size: Code=17848 RO-data=716 RW-data=20 ZI-data=9484  
FromELF: creating hex file...
"two\two.axf" - 0 Error(s), 4 Warning(s).

<h2>Software Packages used:</h2>

Package Vendor: ARM
                http://www.keil.com/pack/ARM.CMSIS.5.9.0.pack
                ARM::CMSIS@5.9.0
                CMSIS (Common Microcontroller Software Interface Standard)
   * Component: CORE Version: 5.6.0

Package Vendor: Keil
                https://www.keil.com/pack/Keil.STM32F4xx_DFP.3.0.0.pack
                Keil::STM32F4xx_DFP@3.0.0
                STMicroelectronics STM32F4 Series Device Support

<h2>Collection of Component include folders:</h2>
  ./RTE/_two
  D:/application/keil/ARM/CMSIS/5.9.0/CMSIS/Core/Include

<h2>Collection of Component Files used:</h2>

   * Component: ARM::CMSIS:CORE@5.6.0
      Include file:  CMSIS/Core/Include/tz_context.h
Build Time Elapsed:  00:00:03
</pre>
</body>
</html>
